MPLINK 5.09, LINKER
Linker Map File - Created Sat Dec 07 18:07:00 2024

                                 Section Info
                  Section       Type    Address   Location Size(Bytes)
                ---------  ---------  ---------  ---------  ---------
                 RES_VECT       code   0x000000    program   0x000002
                   .cinit    romdata   0x000001    program   0x000004
                MAIN_PROG       code   0x000003    program   0x0000a6
.config_2007_BUILD/DEFAULT/PRODUCTION/MAIN.O       code   0x002007    program   0x000002
.config_2008_BUILD/DEFAULT/PRODUCTION/MAIN.O       code   0x002008    program   0x000002



                              Program Memory Usage 
                               Start         End      
                           ---------   ---------      
                            0x000000    0x000055      
                            0x002007    0x002008      
            88 out of 8455 program addresses used, program memory utilization is 1%



                              Symbols - Sorted by Name
                     Name    Address   Location    Storage File                     
                ---------  ---------  ---------  --------- ---------                
                    START   0x000003    program     static C:\Users\aoto\Documents\pu\PIC\Unicode_key.X\main.asm
                  check_b   0x000032    program     static C:\Users\aoto\Documents\pu\PIC\Unicode_key.X\main.asm
                  check_d   0x000040    program     static C:\Users\aoto\Documents\pu\PIC\Unicode_key.X\main.asm
             check_inpnum   0x000041    program     static C:\Users\aoto\Documents\pu\PIC\Unicode_key.X\main.asm
        check_inpnum_loop   0x000042    program     static C:\Users\aoto\Documents\pu\PIC\Unicode_key.X\main.asm
                main_loop   0x00002e    program     static C:\Users\aoto\Documents\pu\PIC\Unicode_key.X\main.asm
                  mov_old   0x000047    program     static C:\Users\aoto\Documents\pu\PIC\Unicode_key.X\main.asm
               send_ASCII   0x000050    program     static C:\Users\aoto\Documents\pu\PIC\Unicode_key.X\main.asm
                send_wait   0x000052    program     static C:\Users\aoto\Documents\pu\PIC\Unicode_key.X\main.asm
                    setup   0x000003    program     static C:\Users\aoto\Documents\pu\PIC\Unicode_key.X\main.asm



                              Symbols - Sorted by Address
                     Name    Address   Location    Storage File                     
                ---------  ---------  ---------  --------- ---------                
                    START   0x000003    program     static C:\Users\aoto\Documents\pu\PIC\Unicode_key.X\main.asm
                    setup   0x000003    program     static C:\Users\aoto\Documents\pu\PIC\Unicode_key.X\main.asm
                main_loop   0x00002e    program     static C:\Users\aoto\Documents\pu\PIC\Unicode_key.X\main.asm
                  check_b   0x000032    program     static C:\Users\aoto\Documents\pu\PIC\Unicode_key.X\main.asm
                  check_d   0x000040    program     static C:\Users\aoto\Documents\pu\PIC\Unicode_key.X\main.asm
             check_inpnum   0x000041    program     static C:\Users\aoto\Documents\pu\PIC\Unicode_key.X\main.asm
        check_inpnum_loop   0x000042    program     static C:\Users\aoto\Documents\pu\PIC\Unicode_key.X\main.asm
                  mov_old   0x000047    program     static C:\Users\aoto\Documents\pu\PIC\Unicode_key.X\main.asm
               send_ASCII   0x000050    program     static C:\Users\aoto\Documents\pu\PIC\Unicode_key.X\main.asm
                send_wait   0x000052    program     static C:\Users\aoto\Documents\pu\PIC\Unicode_key.X\main.asm


