MPLINK 5.09, LINKER
Linker Map File - Created Thu Dec 26 00:47:01 2024

                                 Section Info
                  Section       Type    Address   Location Size(Bytes)
                ---------  ---------  ---------  ---------  ---------
                 RES_VECT       code   0x000000    program   0x000002
                   .cinit    romdata   0x000001    program   0x000004
                MAIN_PROG       code   0x000003    program   0x0001ba
.config_2007_BUILD/DEFAULT/PRODUCTION/MAIN.O       code   0x002007    program   0x000002
.config_2008_BUILD/DEFAULT/PRODUCTION/MAIN.O       code   0x002008    program   0x000002



                              Program Memory Usage 
                               Start         End      
                           ---------   ---------      
                            0x000000    0x0000df      
                            0x002007    0x002008      
            226 out of 8455 program addresses used, program memory utilization is 2%



                              Symbols - Sorted by Name
                     Name    Address   Location    Storage File                     
                ---------  ---------  ---------  --------- ---------                
                     DLP1   0x0000d7    program     static C:\Users\aoto\Documents\pu\PIC\Unicode_key\Unicode_key.X\main.asm
                     DLP2   0x0000d9    program     static C:\Users\aoto\Documents\pu\PIC\Unicode_key\Unicode_key.X\main.asm
                      DLY   0x0000d5    program     static C:\Users\aoto\Documents\pu\PIC\Unicode_key\Unicode_key.X\main.asm
                    START   0x000003    program     static C:\Users\aoto\Documents\pu\PIC\Unicode_key\Unicode_key.X\main.asm
                 alphabet   0x00009d    program     static C:\Users\aoto\Documents\pu\PIC\Unicode_key\Unicode_key.X\main.asm
                    area0   0x0000ab    program     static C:\Users\aoto\Documents\pu\PIC\Unicode_key\Unicode_key.X\main.asm
                    area1   0x0000ae    program     static C:\Users\aoto\Documents\pu\PIC\Unicode_key\Unicode_key.X\main.asm
                    area2   0x0000b1    program     static C:\Users\aoto\Documents\pu\PIC\Unicode_key\Unicode_key.X\main.asm
                    area3   0x0000b4    program     static C:\Users\aoto\Documents\pu\PIC\Unicode_key\Unicode_key.X\main.asm
                    area4   0x0000b7    program     static C:\Users\aoto\Documents\pu\PIC\Unicode_key\Unicode_key.X\main.asm
                     atof   0x0000ca    program     static C:\Users\aoto\Documents\pu\PIC\Unicode_key\Unicode_key.X\main.asm
             change_ASCII   0x0000c2    program     static C:\Users\aoto\Documents\pu\PIC\Unicode_key\Unicode_key.X\main.asm
                  check_b   0x000038    program     static C:\Users\aoto\Documents\pu\PIC\Unicode_key\Unicode_key.X\main.asm
                  check_d   0x00004b    program     static C:\Users\aoto\Documents\pu\PIC\Unicode_key\Unicode_key.X\main.asm
             check_inpnum   0x00005f    program     static C:\Users\aoto\Documents\pu\PIC\Unicode_key\Unicode_key.X\main.asm
        check_inpnum_loop   0x000060    program     static C:\Users\aoto\Documents\pu\PIC\Unicode_key\Unicode_key.X\main.asm
                     kana   0x00008f    program     static C:\Users\aoto\Documents\pu\PIC\Unicode_key\Unicode_key.X\main.asm
                main_loop   0x000034    program     static C:\Users\aoto\Documents\pu\PIC\Unicode_key\Unicode_key.X\main.asm
                  mov_old   0x000065    program     static C:\Users\aoto\Documents\pu\PIC\Unicode_key\Unicode_key.X\main.asm
               send_ASCII   0x0000cf    program     static C:\Users\aoto\Documents\pu\PIC\Unicode_key\Unicode_key.X\main.asm
              send_digit1   0x0000ba    program     static C:\Users\aoto\Documents\pu\PIC\Unicode_key\Unicode_key.X\main.asm
                send_wait   0x0000d1    program     static C:\Users\aoto\Documents\pu\PIC\Unicode_key\Unicode_key.X\main.asm
                    setup   0x000003    program     static C:\Users\aoto\Documents\pu\PIC\Unicode_key\Unicode_key.X\main.asm
                   state0   0x00007e    program     static C:\Users\aoto\Documents\pu\PIC\Unicode_key\Unicode_key.X\main.asm
              state_check   0x00006e    program     static C:\Users\aoto\Documents\pu\PIC\Unicode_key\Unicode_key.X\main.asm



                              Symbols - Sorted by Address
                     Name    Address   Location    Storage File                     
                ---------  ---------  ---------  --------- ---------                
                    setup   0x000003    program     static C:\Users\aoto\Documents\pu\PIC\Unicode_key\Unicode_key.X\main.asm
                    START   0x000003    program     static C:\Users\aoto\Documents\pu\PIC\Unicode_key\Unicode_key.X\main.asm
                main_loop   0x000034    program     static C:\Users\aoto\Documents\pu\PIC\Unicode_key\Unicode_key.X\main.asm
                  check_b   0x000038    program     static C:\Users\aoto\Documents\pu\PIC\Unicode_key\Unicode_key.X\main.asm
                  check_d   0x00004b    program     static C:\Users\aoto\Documents\pu\PIC\Unicode_key\Unicode_key.X\main.asm
             check_inpnum   0x00005f    program     static C:\Users\aoto\Documents\pu\PIC\Unicode_key\Unicode_key.X\main.asm
        check_inpnum_loop   0x000060    program     static C:\Users\aoto\Documents\pu\PIC\Unicode_key\Unicode_key.X\main.asm
                  mov_old   0x000065    program     static C:\Users\aoto\Documents\pu\PIC\Unicode_key\Unicode_key.X\main.asm
              state_check   0x00006e    program     static C:\Users\aoto\Documents\pu\PIC\Unicode_key\Unicode_key.X\main.asm
                   state0   0x00007e    program     static C:\Users\aoto\Documents\pu\PIC\Unicode_key\Unicode_key.X\main.asm
                     kana   0x00008f    program     static C:\Users\aoto\Documents\pu\PIC\Unicode_key\Unicode_key.X\main.asm
                 alphabet   0x00009d    program     static C:\Users\aoto\Documents\pu\PIC\Unicode_key\Unicode_key.X\main.asm
                    area0   0x0000ab    program     static C:\Users\aoto\Documents\pu\PIC\Unicode_key\Unicode_key.X\main.asm
                    area1   0x0000ae    program     static C:\Users\aoto\Documents\pu\PIC\Unicode_key\Unicode_key.X\main.asm
                    area2   0x0000b1    program     static C:\Users\aoto\Documents\pu\PIC\Unicode_key\Unicode_key.X\main.asm
                    area3   0x0000b4    program     static C:\Users\aoto\Documents\pu\PIC\Unicode_key\Unicode_key.X\main.asm
                    area4   0x0000b7    program     static C:\Users\aoto\Documents\pu\PIC\Unicode_key\Unicode_key.X\main.asm
              send_digit1   0x0000ba    program     static C:\Users\aoto\Documents\pu\PIC\Unicode_key\Unicode_key.X\main.asm
             change_ASCII   0x0000c2    program     static C:\Users\aoto\Documents\pu\PIC\Unicode_key\Unicode_key.X\main.asm
                     atof   0x0000ca    program     static C:\Users\aoto\Documents\pu\PIC\Unicode_key\Unicode_key.X\main.asm
               send_ASCII   0x0000cf    program     static C:\Users\aoto\Documents\pu\PIC\Unicode_key\Unicode_key.X\main.asm
                send_wait   0x0000d1    program     static C:\Users\aoto\Documents\pu\PIC\Unicode_key\Unicode_key.X\main.asm
                      DLY   0x0000d5    program     static C:\Users\aoto\Documents\pu\PIC\Unicode_key\Unicode_key.X\main.asm
                     DLP1   0x0000d7    program     static C:\Users\aoto\Documents\pu\PIC\Unicode_key\Unicode_key.X\main.asm
                     DLP2   0x0000d9    program     static C:\Users\aoto\Documents\pu\PIC\Unicode_key\Unicode_key.X\main.asm


